// Jest Snapshot v1, https://goo.gl/fbAQLP

exports[`Home renders a heading 1`] = `
<DocumentFragment>
  <h1>
    Test
  </h1>
</DocumentFragment>
`;
